\BOOKMARK [0][-]{chapter.1}{\376\377\006\206\006\251\006\314\006\057\006\107}{}% 1
\BOOKMARK [0][-]{chapter.2}{\376\377\006\105\006\061\006\110\006\061\006\314\000\040\006\050\006\061\000\040\006\105\006\067\006\047\006\104\006\071\006\047\006\052\000\040\006\047\006\106\006\054\006\047\006\105\000\040\006\064\006\057\006\107}{}% 2
\BOOKMARK [1][-]{section.2.1}{\376\377\006\105\006\102\006\057\006\105\006\107}{chapter.2}% 3
\BOOKMARK [1][-]{section.2.2}{\376\377\006\061\006\110\006\064\040\014\006\107\006\047\006\314\000\040\006\047\006\110\006\104\006\314\006\107}{chapter.2}% 4
\BOOKMARK [1][-]{section.2.3}{\376\377\006\064\006\050\006\251\006\107\000\040\006\107\006\047\006\314\000\040\006\071\006\065\006\050\006\314\000\040\006\110\000\040\006\314\006\047\006\057\006\257\006\314\006\061\006\314\000\040\006\071\006\105\006\314\006\102}{chapter.2}% 5
\BOOKMARK [1][-]{section.2.4}{\376\377\006\105\006\057\006\104\000\040\006\107\006\047\006\314\000\040\006\052\006\061\006\106\006\063\006\101\006\110\006\061\006\105\006\061}{chapter.2}% 6
\BOOKMARK [1][-]{section.2.5}{\376\377\006\105\006\106\006\047\006\050\006\071}{chapter.2}% 7
\BOOKMARK [0][-]{chapter.3}{\376\377\006\061\006\110\006\064\040\014\006\107\006\047}{}% 8
\BOOKMARK [1][-]{section.3.1}{\376\377\006\105\006\102\006\057\006\105\006\107}{chapter.3}% 9
\BOOKMARK [1][-]{section.3.2}{\376\377\006\052\006\072\006\314\006\314\006\061\000\040\006\047\006\106\006\057\006\047\006\062\006\107\000\040\006\110\000\040\006\106\006\061\006\105\006\047\006\104\040\014\006\063\006\047\006\062\006\314\000\040\006\052\006\065\006\047\006\110\006\314\006\061}{chapter.3}% 10
\BOOKMARK [1][-]{section.3.3}{\376\377\006\050\006\107\006\050\006\110\006\057\000\040\006\050\006\314\006\106\006\047\006\314\006\314\000\040\006\105\006\047\006\064\006\314\006\106\000\040\006\050\006\047\000\040\006\047\006\057\006\072\006\047\006\105\000\040\006\057\006\061\006\251\000\040\006\105\006\071\006\106\006\047\006\314\006\314\006\014\000\040\006\047\006\063\006\052\006\057\006\104\006\047\006\104\000\040\006\064\006\106\006\047\006\056\006\052\006\314\000\040\006\110\000\040\006\061\006\110\006\047\006\106\040\014\006\101\006\314\006\062\006\314\006\251}{chapter.3}% 11
\BOOKMARK [1][-]{section.3.4}{\376\377\006\047\006\061\006\062\006\314\006\047\006\050\006\314\000\040\006\052\006\043\006\053\006\314\006\061\000\040\006\064\006\061\006\047\006\314\006\067\000\040\006\042\006\050\040\014\006\110\006\107\006\110\006\047\006\314\006\314\000\040\006\064\006\050\006\314\006\107\040\014\006\063\006\047\006\062\006\314\000\040\006\064\006\057\006\107\000\040\006\050\006\061\000\040\006\071\006\105\006\104\006\251\006\061\006\057\000\040\006\105\006\057\006\104}{chapter.3}% 12
\BOOKMARK [1][-]{section.3.5}{\376\377\006\056\006\104\006\047\006\065\006\107\040\014\006\047\006\314\000\040\006\050\006\061\000\040\006\105\006\101\006\047\006\107\006\314\006\105\000\040\006\176\006\061\006\057\006\047\006\062\006\064\000\040\006\052\006\065\006\110\006\314\006\061}{chapter.3}% 13
\BOOKMARK [2][-]{subsection.3.5.1}{\376\377\006\047\006\101\006\251\006\052\000\040\006\050\006\047\006\061\006\047\006\106\000\040\000\050\000R\000a\000i\000n\000\051}{section.3.5}% 14
\BOOKMARK [2][-]{subsection.3.5.2}{\376\377\006\047\006\101\006\251\006\052\000\040\006\050\006\061\006\101\000\040\000\050\000S\000n\000o\000w\000\051}{section.3.5}% 15
\BOOKMARK [2][-]{subsection.3.5.3}{\376\377\006\047\006\101\006\251\006\052\000\040\006\105\006\107\000\040\000\050\000F\000o\000g\000\051}{section.3.5}% 16
\BOOKMARK [2][-]{subsection.3.5.4}{\376\377\006\047\006\101\006\251\006\052\000\040\006\050\006\047\006\057\000\040\000\050\000W\000i\000n\000d\000\051}{section.3.5}% 17
\BOOKMARK [2][-]{subsection.3.5.5}{\376\377\006\047\006\101\006\251\006\052\000\040\006\106\006\110\006\061\000\040\006\056\006\110\006\061\006\064\006\314\006\057\000\040\000\050\000S\000u\000n\000l\000i\000g\000h\000t\000\051}{section.3.5}% 18
\BOOKMARK [2][-]{subsection.3.5.6}{\376\377\006\061\006\110\006\064\040\014\006\107\006\047\006\314\000\040\006\047\006\071\006\105\006\047\006\104\000\040\006\101\006\314\006\104\006\052\006\061\006\107\006\047}{section.3.5}% 19
\BOOKMARK [2][-]{subsection.3.5.7}{\376\377\006\052\006\043\006\053\006\314\006\061\000\040\006\101\006\314\006\104\006\052\006\061\006\107\006\047\000\040\006\050\006\061\000\040\006\105\006\057\006\104}{section.3.5}% 20
\BOOKMARK [2][-]{subsection.3.5.8}{\376\377\006\057\006\061\006\065\006\057\000\040\006\047\006\071\006\105\006\047\006\104\000\040\006\101\006\314\006\104\006\052\006\061\006\107\006\047}{section.3.5}% 21
\BOOKMARK [1][-]{section.3.6}{\376\377\006\066\006\061\006\110\006\061\006\052\000\040\006\047\006\101\006\062\006\047\006\314\006\064\000\040\006\057\006\047\006\057\006\107\040\014\006\107\006\047\000\040\006\110\000\040\006\105\006\057\006\314\006\061\006\314\006\052\000\040\006\071\006\057\006\105\000\040\006\052\006\071\006\047\006\057\006\104}{chapter.3}% 22
\BOOKMARK [2][-]{subsection.3.6.1}{\376\377\006\106\006\063\006\050\006\052\000\040\006\071\006\057\006\105\000\040\006\052\006\071\006\047\006\057\006\104\000\040\006\110\000\040\006\047\006\061\006\052\006\050\006\047\006\067\000\040\006\042\006\106\000\040\006\050\006\047\000\040\006\047\006\101\006\062\006\047\006\314\006\064\000\040\006\057\006\047\006\057\006\107\040\014\006\107\006\047}{section.3.6}% 23
\BOOKMARK [2][-]{subsection.3.6.2}{\376\377\006\101\006\104\006\110\006\206\006\047\006\061\006\052\000\040\006\047\006\104\006\257\006\110\006\061\006\314\006\052\006\105\000\040\000S\000M\000O\000T\000E}{section.3.6}% 24
\BOOKMARK [2][-]{subsection.3.6.3}{\376\377\006\101\006\104\006\110\006\206\006\047\006\061\006\052\000\040\006\110\006\062\006\106\040\014\006\057\006\107\006\314\000\040\006\057\006\061\000\040\006\052\006\047\006\050\006\071\000\040\006\107\006\062\006\314\006\106\006\107}{section.3.6}% 25
\BOOKMARK [1][-]{section.3.7}{\376\377\006\105\006\061\006\110\006\061\006\314\000\040\006\050\006\061\000\040\006\061\006\110\006\064\000\040\006\107\006\047\006\314\000\040\006\047\006\101\006\062\006\047\006\314\006\064\000\040\006\057\006\047\006\057\006\107}{chapter.3}% 26
\BOOKMARK [1][-]{section.3.8}{\376\377\006\105\006\071\006\314\006\047\006\061\006\107\006\047\006\314\000\040\006\047\006\061\006\062\006\314\006\047\006\050\006\314\000\040\006\110\000\040\006\105\006\102\006\047\006\314\006\063\006\107\000\040\006\061\006\110\006\064\040\014\006\107\006\047}{chapter.3}% 27
\BOOKMARK [2][-]{subsection.3.8.1}{\376\377\000M\000o\000b\000i\000l\000e\000N\000e\000t\000V\0002}{section.3.8}% 28
\BOOKMARK [2][-]{subsection.3.8.2}{\376\377\000E\000f\000f\000i\000c\000i\000e\000n\000t\000N\000e\000t}{section.3.8}% 29
\BOOKMARK [2][-]{subsection.3.8.3}{\376\377\000R\000e\000s\000N\000e\000t}{section.3.8}% 30
\BOOKMARK [2][-]{subsection.3.8.4}{\376\377\006\063\006\047\006\056\006\052\006\047\006\061\000\040\006\105\006\071\006\105\006\047\006\061\006\314\000\040\006\110\000\040\006\047\006\054\006\062\006\047\006\314\000\040\006\047\006\065\006\104\006\314}{section.3.8}% 31
\BOOKMARK [2][-]{subsection.3.8.5}{\376\377\006\105\006\251\006\047\006\106\006\314\006\062\006\105\000\040\006\042\006\105\006\110\006\062\006\064\000\040\006\110\000\040\006\061\006\110\006\064\040\014\006\107\006\047\006\314\000\040\006\047\006\061\006\062\006\314\006\047\006\050\006\314}{section.3.8}% 32
\BOOKMARK [0][-]{chapter.4}{\376\377\006\106\006\052\006\047\006\314\006\054}{}% 33
\BOOKMARK [1][-]{section.4.1}{\376\377\006\105\006\071\006\061\006\101\006\314\000\040\006\105\006\054\006\105\006\110\006\071\006\107\000\040\006\057\006\047\006\057\006\107}{chapter.4}% 34
\BOOKMARK [2][-]{subsection.4.1.1}{\376\377\006\066\006\061\006\110\006\061\006\052\000\040\006\047\006\106\006\052\006\056\006\047\006\050\000\040\006\057\006\314\006\052\006\047\006\063\006\052\000\040\006\105\006\106\006\047\006\063\006\050}{section.4.1}% 35
\BOOKMARK [1][-]{section.4.2}{\376\377\006\050\006\061\006\061\006\063\006\314\000\040\006\110\000\040\006\052\006\055\006\104\006\314\006\104\000\040\006\057\006\314\006\052\006\047\006\063\006\052\040\014\006\107\006\047}{chapter.4}% 36
\BOOKMARK [2][-]{subsection.4.2.1}{\376\377\006\057\006\104\006\047\006\314\006\104\000\040\006\047\006\106\006\052\006\056\006\047\006\050\000\040\006\110\000\040\006\071\006\057\006\105\000\040\006\047\006\106\006\052\006\056\006\047\006\050\000\040\006\057\006\314\006\052\006\047\006\063\006\052\040\014\006\107\006\047}{section.4.2}% 37
\BOOKMARK [1][-]{section.4.3}{\376\377\006\052\006\055\006\104\006\314\006\104\000\040\006\110\006\314\006\230\006\257\006\314\000\040\006\107\006\047\006\314\000\040\006\042\006\105\006\047\006\061\006\314\000\040}{chapter.4}% 38
\BOOKMARK [2][-]{subsection.4.3.1}{\376\377\006\057\006\063\006\052\006\107\000\040\006\050\006\106\006\057\006\314\000\040\006\105\006\071\006\106\006\047\006\314\006\314\000\040\006\110\000\040\006\050\006\065\006\061\006\314}{section.4.3}% 39
\BOOKMARK [2][-]{subsection.4.3.2}{\376\377\006\052\006\055\006\104\006\314\006\104\000\040\006\052\006\106\006\110\006\071\000\040\006\110\000\040\006\071\006\057\006\105\000\040\006\052\006\071\006\047\006\057\006\104\000\040\006\057\006\047\006\057\006\107\040\014\006\107\006\047}{section.4.3}% 40
\BOOKMARK [3][-]{subsubsection.4.3.2.1}{\376\377\006\106\006\105\006\110\006\057\006\047\006\061\000\040\006\052\006\110\006\062\006\314\006\071\000\040\006\106\006\105\006\110\006\106\006\107\040\014\006\107\006\047\000\040\006\057\006\061\000\040\006\251\006\104\006\047\006\063\040\014\006\107\006\047}{subsection.4.3.2}% 41
\BOOKMARK [3][-]{subsubsection.4.3.2.2}{\376\377\006\052\006\055\006\104\006\314\006\104\000\040\006\071\006\057\006\105\000\040\006\052\006\071\006\047\006\057\006\104\000\040\006\057\006\047\006\057\006\107\040\014\006\107\006\047}{subsection.4.3.2}% 42
\BOOKMARK [1][-]{section.4.4}{\376\377\006\105\006\052\006\071\006\047\006\057\006\104\040\014\006\063\006\047\006\062\006\314\000\040\006\057\006\047\006\057\006\107\040\014\006\107\006\047\000\040\006\050\006\047\000\040\006\047\006\063\006\052\006\101\006\047\006\057\006\107\000\040\006\047\006\062\000\040\006\052\006\251\006\106\006\314\006\251\040\014\006\107\006\047\006\314\000\040\006\047\006\101\006\062\006\047\006\314\006\064\000\040\006\057\006\047\006\057\006\107}{chapter.4}% 43
\BOOKMARK [2][-]{subsection.4.4.1}{\376\377\006\105\006\052\006\071\006\047\006\057\006\104\040\014\006\063\006\047\006\062\006\314\000\040\006\057\006\061\000\040\006\063\006\067\006\055\000\040\006\057\006\063\006\052\006\107\040\014\006\050\006\106\006\057\006\314\040\014\006\107\006\047\006\314\000\040\006\105\006\071\006\106\006\047\006\314\006\314\000\040\006\110\000\040\006\050\006\065\006\061\006\314}{section.4.4}% 44
\BOOKMARK [1][-]{section.4.5}{\376\377\006\176\006\314\006\064\040\014\006\176\006\061\006\057\006\047\006\062\006\064\000\040\006\057\006\047\006\057\006\107\040\014\006\107\006\047}{chapter.4}% 45
\BOOKMARK [1][-]{section.4.6}{\376\377\006\105\006\102\006\047\006\314\006\063\006\107\006\124\000\040\006\071\006\105\006\104\006\251\006\061\006\057\000\040\006\105\006\057\006\104\040\014\006\107\006\047}{chapter.4}% 46
\BOOKMARK [2][-]{subsection.4.6.1}{\376\377\006\105\006\102\006\047\006\314\006\063\006\107\000\040\006\105\006\071\006\314\006\047\006\061\006\107\006\047\006\314\000\040\006\071\006\105\006\104\006\251\006\061\006\057\000\040\006\105\006\057\006\104\040\014\006\107\006\047}{section.4.6}% 47
\BOOKMARK [2][-]{subsection.4.6.2}{\376\377\006\105\006\047\006\052\006\061\006\314\006\063\040\014\006\107\006\047\006\314\000\040\006\047\006\064\006\052\006\050\006\047\006\107\000\040\000\050\000C\000o\000n\000f\000u\000s\000i\000o\000n\000\040\000M\000a\000t\000r\000i\000c\000e\000s\000\051}{section.4.6}% 48
\BOOKMARK [1][-]{section.4.7}{\376\377\000\040\006\106\006\052\006\047\006\314\006\054\000\040\006\052\006\047\006\053\006\314\006\061\000\040\006\064\006\050\006\314\006\107\000\040\006\063\006\047\006\062\006\314\000\040\006\064\006\061\006\047\006\314\006\067\000\040\006\054\006\110\006\314\000\040\006\105\006\056\006\052\006\104\006\101\000\040\006\050\006\061\000\040\006\061\006\110\006\314\000\040\006\052\006\065\006\047\006\110\006\314\006\061\000\040}{chapter.4}% 49
\BOOKMARK [2][-]{subsection.4.7.1}{\376\377\006\106\006\052\006\047\006\314\006\054\000\040\006\110\000\040\006\105\006\102\006\047\006\314\006\063\006\107\000\040}{section.4.7}% 50
\BOOKMARK [2][-]{subsection.4.7.2}{\376\377\006\176\006\314\006\047\006\057\006\107\040\014\006\063\006\047\006\062\006\314\000\040\006\101\006\314\006\104\006\052\006\061\006\107\006\047\006\314\000\040\006\105\006\055\006\314\006\067\006\314\000\040\006\057\006\061\000\040\006\052\006\065\006\047\006\110\006\314\006\061\000\040\006\110\000\040\006\106\006\055\006\110\006\107\000\040\006\071\006\105\006\104\006\251\006\061\006\057\000\040\006\042\006\106\040\014\006\107\006\047}{section.4.7}% 51
\BOOKMARK [2][-]{subsection.4.7.3}{\376\377\006\106\006\055\006\110\006\107\000\040\006\047\006\054\006\061\006\047\006\314\000\040\006\101\006\314\006\104\006\052\006\061\006\107\006\047}{section.4.7}% 52
\BOOKMARK [2][-]{subsection.4.7.4}{\376\377\006\056\006\104\006\047\006\065\006\107\000\040\006\071\006\105\006\104\006\251\006\061\006\057\000\040\006\101\006\314\006\104\006\052\006\061\006\107\006\047}{section.4.7}% 53
